// Vitest Snapshot v1, https://vitest.dev/guide/snapshot.html

exports[`S3 Bucket Tests > bucket should exist 1`] = `"hello"`;
